  Building Custom Rule C:/LY2/build/_deps/sfml-src/src/SFML/Graphics/CMakeLists.txt
  BlendMode.cpp
  Color.cpp
  Font.cpp
  Glsl.cpp
  GLCheck.cpp
  GLExtensions.cpp
  Image.cpp
  ImageLoader.cpp
  RenderStates.cpp
  RenderTexture.cpp
  RenderTarget.cpp
  RenderWindow.cpp
  Shader.cpp
  Texture.cpp
  TextureSaver.cpp
  Transform.cpp
  Transformable.cpp
  View.cpp
  Vertex.cpp
  GLLoader.cpp
  Generating Code...
  Compiling...
  Shape.cpp
  CircleShape.cpp
  RectangleShape.cpp
  ConvexShape.cpp
  Sprite.cpp
  Text.cpp
  VertexArray.cpp
  VertexBuffer.cpp
  RenderTextureImpl.cpp
  RenderTextureImplFBO.cpp
  RenderTextureImplDefault.cpp
  Generating Code...
     Creating library C:/LY2/build/_deps/sfml-build/lib/Debug/sfml-graphics-d.lib and object C:/LY2/build/_deps/sfml-build/lib/Debug/sfml-graphics-d.exp
  sfml-graphics.vcxproj -> C:\LY2\build\_deps\sfml-build\lib\Debug\sfml-graphics-d-2.dll
