  Building Custom Rule C:/LY2/build/_deps/sfml-src/src/SFML/Window/CMakeLists.txt
  Clipboard.cpp
  Context.cpp
  Cursor.cpp
  GlContext.cpp
  GlResource.cpp
  Joystick.cpp
  JoystickManager.cpp
  Keyboard.cpp
  Mouse.cpp
  Touch.cpp
  Sensor.cpp
  SensorManager.cpp
  VideoMode.cpp
  Window.cpp
  WindowImpl.cpp
  CursorImpl.cpp
  ClipboardImpl.cpp
  WglContext.cpp
  WglExtensions.cpp
  InputImpl.cpp
  Generating Code...
  Compiling...
  JoystickImpl.cpp
  SensorImpl.cpp
  VideoModeImpl.cpp
  WindowImplWin32.cpp
  Generating Code...
     Creating library C:/LY2/build/_deps/sfml-build/lib/Debug/sfml-window-d.lib and object C:/LY2/build/_deps/sfml-build/lib/Debug/sfml-window-d.exp
  sfml-window.vcxproj -> C:\LY2\build\_deps\sfml-build\lib\Debug\sfml-window-d-2.dll
