  Building Custom Rule C:/LY2/build/_deps/sfml-src/src/SFML/System/CMakeLists.txt
  Clock.cpp
  Err.cpp
  Lock.cpp
  Mutex.cpp
  Sleep.cpp
  String.cpp
  Thread.cpp
  ThreadLocal.cpp
  Time.cpp
  FileInputStream.cpp
  MemoryInputStream.cpp
  ClockImpl.cpp
  MutexImpl.cpp
  SleepImpl.cpp
  ThreadImpl.cpp
  ThreadLocalImpl.cpp
  Generating Code...
     Creating library C:/LY2/build/_deps/sfml-build/lib/Debug/sfml-system-d.lib and object C:/LY2/build/_deps/sfml-build/lib/Debug/sfml-system-d.exp
  sfml-system.vcxproj -> C:\LY2\build\_deps\sfml-build\lib\Debug\sfml-system-d-2.dll
